[kingofkfcjamal.github.io/CaseClicker/index.html]
[backblue.gif]
[fade.gif]
[index.html]
[kingofkfcjamal.github.io/CaseClicker/csgo.png]
[maxcdn.bootstrapcdn.com/font-awesome/4.5.0/css/font-awesome.min.css]
[kingofkfcjamal.github.io/CaseClicker/css/stylesheet.css]
[ajax.googleapis.com/ajax/libs/jquery/2.2.0/jquery.min.js]
[pagead2.googlesyndication.com/pagead/js/f4fd1.txt]
[kingofkfcjamal.github.io/CaseClicker/sounds/start-game.mp3]
[kingofkfcjamal.github.io/CaseClicker/sounds/new-item.mp3]
[kingofkfcjamal.github.io/CaseClicker/sounds/win-pot.mp3]
[kingofkfcjamal.github.io/CaseClicker/sounds/click.wav]
[kingofkfcjamal.github.io/CaseClicker/sounds/menuclick.wav]
[kingofkfcjamal.github.io/CaseClicker/sounds/itemreveal.mp3]
[i.imgur.com/Ga7WRKc.png]
[kingofkfcjamal.github.io/CaseClicker/index.html]
[maxcdn.bootstrapcdn.com/font-awesome/4.5.0/css/font-awesome.min.css]
[kingofkfcjamal.github.io/CaseClicker/js/script.js]
[i.imgur.com/zoKOaEY.png]
[kingofkfcjamal.github.io/CaseClicker/images/sunburst.png]
[i.imgur.com/vakyLA5.png]
[i.imgur.com/Pw82Pa6.png]
[kingofkfcjamal.github.io/CaseClicker/css/stylesheet.css]
